// Jest Snapshot v1, https://goo.gl/fbAQLP

exports[`Should match the snapshot 1`] = `
Object {
  "asFragment": [Function],
  "baseElement": <body>
    <div>
      <div
        class="App"
      >
        <div>
          <nav
            class="sc-bczRLJ gtcTJi"
          >
            <svg
              class="sc-dkzDqf jhxCHO"
              fill="currentColor"
              height="1em"
              stroke="currentColor"
              stroke-width="0"
              viewBox="0 0 448 512"
              width="1em"
              xmlns="http://www.w3.org/2000/svg"
            >
              <path
                d="M16 132h416c8.837 0 16-7.163 16-16V76c0-8.837-7.163-16-16-16H16C7.163 60 0 67.163 0 76v40c0 8.837 7.163 16 16 16zm0 160h416c8.837 0 16-7.163 16-16v-40c0-8.837-7.163-16-16-16H16c-8.837 0-16 7.163-16 16v40c0 8.837 7.163 16 16 16zm0 160h416c8.837 0 16-7.163 16-16v-40c0-8.837-7.163-16-16-16H16c-8.837 0-16 7.163-16 16v40c0 8.837 7.163 16 16 16z"
              />
            </svg>
            <div
              class="sc-jSMfEi dBlUfo"
            >
              <a
                aria-current="page"
                class="sc-gsnTZi eWKMPY active"
                href="/"
              >
                Home
              </a>
              <a
                activestyle="true"
                class="sc-gsnTZi eWKMPY"
                href="/country"
              >
                Country
              </a>
            </div>
          </nav>
        </div>
        <div>
          <h1>
            Covid-19 Metrics
          </h1>
          <div
            class="sc-ftvSup kEhnWs"
          />
        </div>
      </div>
    </div>
  </body>,
  "container": <div>
    <div
      class="App"
    >
      <div>
        <nav
          class="sc-bczRLJ gtcTJi"
        >
          <svg
            class="sc-dkzDqf jhxCHO"
            fill="currentColor"
            height="1em"
            stroke="currentColor"
            stroke-width="0"
            viewBox="0 0 448 512"
            width="1em"
            xmlns="http://www.w3.org/2000/svg"
          >
            <path
              d="M16 132h416c8.837 0 16-7.163 16-16V76c0-8.837-7.163-16-16-16H16C7.163 60 0 67.163 0 76v40c0 8.837 7.163 16 16 16zm0 160h416c8.837 0 16-7.163 16-16v-40c0-8.837-7.163-16-16-16H16c-8.837 0-16 7.163-16 16v40c0 8.837 7.163 16 16 16zm0 160h416c8.837 0 16-7.163 16-16v-40c0-8.837-7.163-16-16-16H16c-8.837 0-16 7.163-16 16v40c0 8.837 7.163 16 16 16z"
            />
          </svg>
          <div
            class="sc-jSMfEi dBlUfo"
          >
            <a
              aria-current="page"
              class="sc-gsnTZi eWKMPY active"
              href="/"
            >
              Home
            </a>
            <a
              activestyle="true"
              class="sc-gsnTZi eWKMPY"
              href="/country"
            >
              Country
            </a>
          </div>
        </nav>
      </div>
      <div>
        <h1>
          Covid-19 Metrics
        </h1>
        <div
          class="sc-ftvSup kEhnWs"
        />
      </div>
    </div>
  </div>,
  "debug": [Function],
  "findAllByAltText": [Function],
  "findAllByDisplayValue": [Function],
  "findAllByLabelText": [Function],
  "findAllByPlaceholderText": [Function],
  "findAllByRole": [Function],
  "findAllByTestId": [Function],
  "findAllByText": [Function],
  "findAllByTitle": [Function],
  "findByAltText": [Function],
  "findByDisplayValue": [Function],
  "findByLabelText": [Function],
  "findByPlaceholderText": [Function],
  "findByRole": [Function],
  "findByTestId": [Function],
  "findByText": [Function],
  "findByTitle": [Function],
  "getAllByAltText": [Function],
  "getAllByDisplayValue": [Function],
  "getAllByLabelText": [Function],
  "getAllByPlaceholderText": [Function],
  "getAllByRole": [Function],
  "getAllByTestId": [Function],
  "getAllByText": [Function],
  "getAllByTitle": [Function],
  "getByAltText": [Function],
  "getByDisplayValue": [Function],
  "getByLabelText": [Function],
  "getByPlaceholderText": [Function],
  "getByRole": [Function],
  "getByTestId": [Function],
  "getByText": [Function],
  "getByTitle": [Function],
  "queryAllByAltText": [Function],
  "queryAllByDisplayValue": [Function],
  "queryAllByLabelText": [Function],
  "queryAllByPlaceholderText": [Function],
  "queryAllByRole": [Function],
  "queryAllByTestId": [Function],
  "queryAllByText": [Function],
  "queryAllByTitle": [Function],
  "queryByAltText": [Function],
  "queryByDisplayValue": [Function],
  "queryByLabelText": [Function],
  "queryByPlaceholderText": [Function],
  "queryByRole": [Function],
  "queryByTestId": [Function],
  "queryByText": [Function],
  "queryByTitle": [Function],
  "rerender": [Function],
  "unmount": [Function],
}
`;
